blah balah blah im making testies
=========================

this be testies
::
>>> add_integer = __import__("0-add_integer").add_integer
>>> add_integer(1, 2)
3

>>> add_integer(-1)
97

>>> add_integer(5.3, -2.7)
3

>>> add_integer(float("NaN"), 0)
Traceback (most recent call last):
ValueError: cannot convert float NaN to integer

>>> add_integer(float("inf"), 0)
Traceback (most recent call last):
OverflowError: cannot convert float infinity to integer

>>> add_integer("asdf")
Traceback (most recent call last):
TypeError: a must be an integer

>>> add_integer(0, "asdf")
Traceback (most recent call last):
TypeError: b must be an integer
